// Jest Snapshot v1, https://goo.gl/fbAQLP

exports[`should render correctly with default props 1`] = `
.c1 {
  cursor: pointer;
  height: 24px;
  min-width: 24px;
  -webkit-user-select: none;
  -moz-user-select: none;
  -ms-user-select: none;
  user-select: none;
  padding-left: 8px;
  padding-right: 16px;
  box-sizing: content-box;
  font-size: 13px;
  color: rgba(0,0,0,.54);
  outline: none;
  border: none;
  background-color: transparent;
  -webkit-appearance: none;
  -moz-appearance: none;
  appearance: none;
}

.c1 .ddown-color {
  fill: red;
}

.c1::-ms-expand {
  display: none;
}

.c1:disabled::-ms-expand {
  background: #f60;
}

.c0 {
  position: relative;
  -webkit-flex-shrink: 0;
  -ms-flex-negative: 0;
  flex-shrink: 0;
  margin-left: 8px;
  margin-right: 32px;
  font-size: 13px;
  color: rgba(0,0,0,.54);
}

.c0 svg {
  top: 1;
  right: 0;
  color: rgba(0,0,0,0.54);
  position: absolute;
  pointer-events: none;
  fill: currentColor;
  width: 1em;
  height: 1em;
  display: inline-block;
  font-size: 24px;
  -webkit-transition: fill 200ms cubic-bezier(0.4,0,0.2,1) 0ms;
  transition: fill 200ms cubic-bezier(0.4,0,0.2,1) 0ms;
  -webkit-user-select: none;
  -moz-user-select: none;
  -ms-user-select: none;
  user-select: none;
  -webkit-flex-shrink: 0;
  -ms-flex-negative: 0;
  flex-shrink: 0;
}

<div
  class="c0"
>
  <select
    class="c1"
  >
    <option
      selected=""
      value="1"
    >
      1
    </option>
    ))
  </select>
  <svg
    height="24"
    viewBox="0 0 24 24"
    width="24"
    xmlns="http://www.w3.org/2000/svg"
  >
    <path
      d="M7 10l5 5 5-5z"
    />
    <path
      d="M0 0h24v24H0z"
      fill="none"
    />
  </svg>
</div>
`;
