// Jest Snapshot v1, https://goo.gl/fbAQLP

exports[`component <TableHeadRow /> should render correctly 1`] = `
.c0 {
  display: -webkit-box;
  display: -webkit-flex;
  display: -ms-flexbox;
  display: flex;
  width: 100%;
}

<div
  className="c0"
/>
`;
