// Jest Snapshot v1, https://goo.gl/fbAQLP

exports[`component <TableWrapper /> should render correctly 1`] = `
.c0 {
  display: table;
  position: relative;
  height: 100%;
  width: 100%;
}

<div
  class="c0"
/>
`;
