// Jest Snapshot v1, https://goo.gl/fbAQLP

exports[`component <TableBody /> should render correctly 1`] = `
<div
  class=""
/>
`;
